// Jest Snapshot v1, https://goo.gl/fbAQLP

exports[`should render component 1`] = `
<View
  style={
    Object {
      "backgroundColor": "#fff",
      "flex": 1,
      "padding": 16,
      "paddingTop": 30,
    }
  }
>
  <View
    style={
      Object {
        "backgroundColor": "#385A94",
        "borderTopLeftRadius": 7,
        "borderTopRightRadius": 7,
        "padding": 5,
      }
    }
  >
    <Text
      style={
        Object {
          "color": "#fff",
          "fontSize": 23,
          "fontWeight": "bold",
          "marginLeft": 10,
          "padding": 7,
          "textAlign": "left",
        }
      }
    >
      To: Joe@tigers.com
    </Text>
  </View>
  <View
    style={
      Object {
        "backgroundColor": "#385A94",
        "padding": 5,
      }
    }
  >
    <TextInput
      allowFontScaling={true}
      name="subject"
      onChangeText={[Function]}
      placeholder="Subject..."
      rejectResponderTermination={true}
      style={
        Object {
          "backgroundColor": "#fff",
          "borderColor": "#CCCCCC",
          "borderWidth": 1,
          "fontSize": 22,
          "height": 50,
          "paddingHorizontal": 15,
        }
      }
      underlineColorAndroid="transparent"
      value=""
    />
  </View>
  <View
    style={
      Object {
        "borderBottomLeftRadius": 7,
        "borderBottomRightRadius": 7,
        "borderColor": "#385A94",
        "borderTopWidth": 0,
        "borderWidth": 5,
      }
    }
  >
    <TextInput
      allowFontScaling={true}
      multiline={true}
      name="body"
      numberOfLines={40}
      onChangeText={[Function]}
      placeholder="Message..."
      rejectResponderTermination={true}
      style={
        Object {
          "fontSize": 22,
          "height": 400,
          "justifyContent": "flex-start",
          "padding": 15,
          "paddingTop": 20,
        }
      }
      underlineColorAndroid="transparent"
      value=""
    />
  </View>
  <View
    accessible={true}
    focusable={true}
    isTVSelectable={true}
    onClick={[Function]}
    onResponderGrant={[Function]}
    onResponderMove={[Function]}
    onResponderRelease={[Function]}
    onResponderTerminate={[Function]}
    onResponderTerminationRequest={[Function]}
    onStartShouldSetResponder={[Function]}
    style={
      Object {
        "backgroundColor": "#0C94E1",
        "borderColor": "#fff",
        "borderRadius": 10,
        "borderWidth": 1,
        "marginHorizontal": 40,
        "marginVertical": 15,
        "opacity": 1,
        "paddingBottom": 20,
        "paddingTop": 20,
      }
    }
  >
    <Text
      style={
        Object {
          "color": "#fff",
          "fontSize": 25,
          "fontWeight": "bold",
          "textAlign": "center",
        }
      }
    >
      Send Message
    </Text>
  </View>
  <Text
    style={
      Object {
        "alignSelf": "center",
        "color": "red",
        "fontSize": 20,
        "fontWeight": "bold",
        "margin": 10,
      }
    }
  >
    
  </Text>
</View>
`;

exports[`should render component 2`] = `
<View
  style={
    Object {
      "backgroundColor": "#fff",
      "flex": 1,
      "padding": 16,
      "paddingTop": 30,
    }
  }
>
  <View
    style={
      Object {
        "backgroundColor": "#385A94",
        "borderTopLeftRadius": 7,
        "borderTopRightRadius": 7,
        "padding": 5,
      }
    }
  >
    <Text
      style={
        Object {
          "color": "#fff",
          "fontSize": 23,
          "fontWeight": "bold",
          "marginLeft": 10,
          "padding": 7,
          "textAlign": "left",
        }
      }
    >
      To: Joe@tigers.com
    </Text>
  </View>
  <View
    style={
      Object {
        "backgroundColor": "#385A94",
        "padding": 5,
      }
    }
  >
    <TextInput
      allowFontScaling={true}
      name="subject"
      onChangeText={[Function]}
      placeholder="Subject..."
      rejectResponderTermination={true}
      style={
        Object {
          "backgroundColor": "#fff",
          "borderColor": "#CCCCCC",
          "borderWidth": 1,
          "fontSize": 22,
          "height": 50,
          "paddingHorizontal": 15,
        }
      }
      underlineColorAndroid="transparent"
      value=""
    />
  </View>
  <View
    style={
      Object {
        "borderBottomLeftRadius": 7,
        "borderBottomRightRadius": 7,
        "borderColor": "#385A94",
        "borderTopWidth": 0,
        "borderWidth": 5,
      }
    }
  >
    <TextInput
      allowFontScaling={true}
      multiline={true}
      name="body"
      numberOfLines={40}
      onChangeText={[Function]}
      placeholder="Message..."
      rejectResponderTermination={true}
      style={
        Object {
          "fontSize": 22,
          "height": 400,
          "justifyContent": "flex-start",
          "padding": 15,
          "paddingTop": 20,
        }
      }
      underlineColorAndroid="transparent"
      value=""
    />
  </View>
  <View
    accessible={true}
    focusable={true}
    isTVSelectable={true}
    onClick={[Function]}
    onResponderGrant={[Function]}
    onResponderMove={[Function]}
    onResponderRelease={[Function]}
    onResponderTerminate={[Function]}
    onResponderTerminationRequest={[Function]}
    onStartShouldSetResponder={[Function]}
    style={
      Object {
        "backgroundColor": "#0C94E1",
        "borderColor": "#fff",
        "borderRadius": 10,
        "borderWidth": 1,
        "marginHorizontal": 40,
        "marginVertical": 15,
        "opacity": 1,
        "paddingBottom": 20,
        "paddingTop": 20,
      }
    }
  >
    <Text
      style={
        Object {
          "color": "#fff",
          "fontSize": 25,
          "fontWeight": "bold",
          "textAlign": "center",
        }
      }
    >
      Send Message
    </Text>
  </View>
  <Text
    style={
      Object {
        "alignSelf": "center",
        "color": "red",
        "fontSize": 20,
        "fontWeight": "bold",
        "margin": 10,
      }
    }
  >
    
  </Text>
</View>
`;
