// Jest Snapshot v1, https://goo.gl/fbAQLP

exports[`should render component 1`] = `
<View
  style={
    Object {
      "backgroundColor": "#fff",
      "height": "100%",
      "paddingTop": 50,
    }
  }
>
  <RCTScrollView
    contentContainerStyle={
      Object {
        "padding": 15,
      }
    }
    scrollIndicatorInsets={
      Object {
        "right": 1,
      }
    }
  >
    <View>
      <View
        style={
          Object {
            "backgroundColor": "#0C94E1",
            "borderTopLeftRadius": 7,
            "borderTopRightRadius": 7,
          }
        }
      >
        <Text
          style={
            Object {
              "color": "#fff",
              "fontSize": 22,
              "fontWeight": "bold",
              "height": 70,
              "padding": 20,
            }
          }
        >
          Subject: Tigers
        </Text>
      </View>
      <View
        style={
          Object {
            "borderBottomLeftRadius": 7,
            "borderBottomRightRadius": 7,
            "borderColor": "#0C94E1",
            "borderWidth": 3,
            "flex": 1,
          }
        }
      >
        <Text
          style={
            Object {
              "fontSize": 20,
              "height": 400,
              "padding": 15,
            }
          }
        >
          When can I get those tigers? Thanks, Carole
        </Text>
      </View>
      <View
        accessible={true}
        focusable={false}
        isTVSelectable={true}
        onClick={[Function]}
        onResponderGrant={[Function]}
        onResponderMove={[Function]}
        onResponderRelease={[Function]}
        onResponderTerminate={[Function]}
        onResponderTerminationRequest={[Function]}
        onStartShouldSetResponder={[Function]}
        style={
          Object {
            "backgroundColor": "#0C94E1",
            "borderColor": "#fff",
            "borderRadius": 10,
            "borderWidth": 1,
            "margin": 40,
            "marginTop": 10,
            "opacity": 1,
            "paddingBottom": 20,
            "paddingTop": 20,
          }
        }
      >
        <Text
          style={
            Object {
              "color": "#fff",
              "fontSize": 25,
              "fontWeight": "bold",
              "textAlign": "center",
            }
          }
        >
          Reply
        </Text>
      </View>
    </View>
  </RCTScrollView>
</View>
`;
