// Jest Snapshot v1, https://goo.gl/fbAQLP

exports[`should render component 1`] = `
<View
  style={
    Object {
      "backgroundColor": "#fff",
      "height": "100%",
      "paddingTop": 50,
    }
  }
>
  <RCTScrollView
    contentContainerStyle={
      Object {
        "padding": 15,
      }
    }
    scrollIndicatorInsets={
      Object {
        "right": 1,
      }
    }
  >
    <View>
      <View
        style={
          Object {
            "flex": 1,
            "flexDirection": "row",
            "justifyContent": "space-between",
          }
        }
      >
        <View
          accessible={true}
          focusable={true}
          isTVSelectable={true}
          onClick={[Function]}
          onResponderGrant={[Function]}
          onResponderMove={[Function]}
          onResponderRelease={[Function]}
          onResponderTerminate={[Function]}
          onResponderTerminationRequest={[Function]}
          onStartShouldSetResponder={[Function]}
          style={
            Object {
              "backgroundColor": "#0C94E1",
              "borderTopLeftRadius": 7,
              "borderTopRightRadius": 7,
              "height": 70,
              "opacity": 1,
              "padding": 20,
              "width": 180,
            }
          }
        >
          <Text
            style={
              Object {
                "color": "#fff",
                "fontSize": 25,
                "fontWeight": "bold",
              }
            }
          >
            Inbox (1)
          </Text>
        </View>
        <View
          accessible={true}
          focusable={true}
          isTVSelectable={true}
          onClick={[Function]}
          onResponderGrant={[Function]}
          onResponderMove={[Function]}
          onResponderRelease={[Function]}
          onResponderTerminate={[Function]}
          onResponderTerminationRequest={[Function]}
          onStartShouldSetResponder={[Function]}
          style={
            Object {
              "backgroundColor": "#385A94",
              "borderTopLeftRadius": 7,
              "borderTopRightRadius": 7,
              "height": 70,
              "opacity": 1,
              "padding": 20,
              "width": 180,
            }
          }
        >
          <Text
            style={
              Object {
                "color": "#fff",
                "fontSize": 25,
                "fontWeight": "bold",
                "textAlign": "right",
              }
            }
          >
            Sent (1)
          </Text>
        </View>
      </View>
      <View
        style={
          Object {
            "backgroundColor": "#0C94E1",
            "borderBottomLeftRadius": 7,
            "borderBottomRightRadius": 7,
            "height": 500,
            "paddingVertical": 20,
          }
        }
      >
        <View
          accessible={true}
          focusable={true}
          isTVSelectable={true}
          onClick={[Function]}
          onResponderGrant={[Function]}
          onResponderMove={[Function]}
          onResponderRelease={[Function]}
          onResponderTerminate={[Function]}
          onResponderTerminationRequest={[Function]}
          onStartShouldSetResponder={[Function]}
          style={
            Object {
              "alignSelf": "center",
              "backgroundColor": "#fff",
              "borderColor": "#fff",
              "borderRadius": 10,
              "borderWidth": 1,
              "flex": 0,
              "flexDirection": "row",
              "height": 70,
              "margin": 40,
              "marginTop": 10,
              "opacity": 1,
              "paddingHorizontal": 15,
              "paddingVertical": 20,
              "width": 350,
            }
          }
        >
          <Text
            style={
              Object {
                "color": "#385A94",
                "fontSize": 20,
                "fontWeight": "bold",
                "paddingRight": 10,
              }
            }
          >
            From: Tiger King
          </Text>
          <Image
            source={1}
            style={
              Object {
                "height": 25,
                "width": 115,
              }
            }
          />
        </View>
      </View>
    </View>
  </RCTScrollView>
</View>
`;
