// Jest Snapshot v1, https://goo.gl/fbAQLP

exports[`should render component 1`] = `
<Text
  style={
    Object {
      "alignSelf": "center",
      "fontSize": 20,
      "fontWeight": "bold",
    }
  }
>
  Loading...
</Text>
`;

exports[`should render component 2`] = `
<View
  style={
    Object {
      "backgroundColor": "#fff",
      "flex": 1,
      "paddingTop": 20,
    }
  }
>
  <Text
    style={
      Object {
        "alignSelf": "center",
        "color": "black",
        "fontSize": 22,
        "fontWeight": "bold",
        "lineHeight": 35,
        "margin": 20,
        "textAlign": "center",
        "width": 380,
      }
    }
  >
    Items you have offered to lend that are not currently being borrowed:
  </Text>
  <RCTScrollView
    collapsable={false}
    onGestureHandlerEvent={[Function]}
    onGestureHandlerStateChange={[Function]}
    scrollIndicatorInsets={
      Object {
        "right": 1,
      }
    }
    style={
      Object {
        "flex": 1,
      }
    }
  >
    <View>
      <View
        style={
          Object {
            "alignItems": "center",
            "alignSelf": "center",
            "backgroundColor": "#0CE1C3",
            "borderRadius": 7,
            "flex": 1,
            "flexDirection": "row",
            "height": 70,
            "justifyContent": "space-between",
            "margin": 10,
            "overflow": "hidden",
            "padding": 15,
            "width": 370,
          }
        }
      >
        <Text
          style={
            Object {
              "color": "#385A94",
              "fontSize": 23,
              "fontWeight": "bold",
              "overflow": "hidden",
              "textAlign": "left",
              "width": 220,
            }
          }
        >
          butter
          ,
           
          sticks 2
        </Text>
        <View
          accessible={true}
          focusable={true}
          isTVSelectable={true}
          onClick={[Function]}
          onResponderGrant={[Function]}
          onResponderMove={[Function]}
          onResponderRelease={[Function]}
          onResponderTerminate={[Function]}
          onResponderTerminationRequest={[Function]}
          onStartShouldSetResponder={[Function]}
          style={
            Object {
              "backgroundColor": "#385A94",
              "borderColor": "#385A94",
              "borderRadius": 10,
              "borderWidth": 1,
              "color": "#fff",
              "height": 50,
              "opacity": 1,
              "paddingTop": 12,
              "width": 100,
            }
          }
        >
          <Text
            style={
              Object {
                "color": "#fff",
                "fontSize": 18,
                "fontWeight": "bold",
                "textAlign": "center",
              }
            }
          >
            Delete
          </Text>
        </View>
      </View>
    </View>
  </RCTScrollView>
</View>
`;
