// Jest Snapshot v1, https://goo.gl/fbAQLP

exports[`should render component 1`] = `
<RCTScrollView
  collapsable={false}
  contentContainerStyle={
    Object {
      "justifyContent": "center",
      "paddingTop": 30,
    }
  }
  onGestureHandlerEvent={[Function]}
  onGestureHandlerStateChange={[Function]}
  scrollIndicatorInsets={
    Object {
      "right": 1,
    }
  }
  style={
    Object {
      "backgroundColor": "#385A94",
      "flex": 1,
    }
  }
>
  <View>
    <Image
      source={1}
      style={
        Object {
          "alignSelf": "center",
          "height": 210,
          "marginBottom": 50,
          "marginTop": 100,
          "width": 300,
        }
      }
    />
    <View
      accessible={true}
      focusable={true}
      isTVSelectable={true}
      onClick={[Function]}
      onResponderGrant={[Function]}
      onResponderMove={[Function]}
      onResponderRelease={[Function]}
      onResponderTerminate={[Function]}
      onResponderTerminationRequest={[Function]}
      onStartShouldSetResponder={[Function]}
      style={
        Object {
          "backgroundColor": "#0C94E1",
          "borderColor": "#0C94E1",
          "borderRadius": 10,
          "borderWidth": 1,
          "margin": 40,
          "marginBottom": 15,
          "opacity": 1,
          "paddingBottom": 20,
          "paddingTop": 18,
        }
      }
    >
      <Text
        style={
          Object {
            "color": "#fff",
            "fontSize": 30,
            "fontWeight": "bold",
            "lineHeight": 35,
            "margin": 10,
            "marginTop": 20,
            "textAlign": "center",
          }
        }
      >
        BORROW
      </Text>
    </View>
    <View
      accessible={true}
      focusable={true}
      isTVSelectable={true}
      onClick={[Function]}
      onResponderGrant={[Function]}
      onResponderMove={[Function]}
      onResponderRelease={[Function]}
      onResponderTerminate={[Function]}
      onResponderTerminationRequest={[Function]}
      onStartShouldSetResponder={[Function]}
      style={
        Object {
          "backgroundColor": "#0C94E1",
          "borderColor": "#0C94E1",
          "borderRadius": 10,
          "borderWidth": 1,
          "margin": 40,
          "marginBottom": 15,
          "opacity": 1,
          "paddingBottom": 20,
          "paddingTop": 18,
        }
      }
    >
      <Text
        style={
          Object {
            "color": "#fff",
            "fontSize": 30,
            "fontWeight": "bold",
            "lineHeight": 35,
            "margin": 10,
            "marginTop": 20,
            "textAlign": "center",
          }
        }
      >
        LEND
      </Text>
    </View>
  </View>
</RCTScrollView>
`;
