// Jest Snapshot v1, https://goo.gl/fbAQLP

exports[`should render component 1`] = `
<View
  style={
    Object {
      "flex": 1,
    }
  }
>
  <Text
    style={
      Object {
        "backgroundColor": "#385A94",
        "color": "#fff",
        "fontSize": 25,
        "fontWeight": "bold",
        "marginLeft": 40,
        "marginVertical": 5,
        "paddingLeft": 5,
        "textAlign": "left",
        "width": 130,
      }
    }
  >
    Email
  </Text>
  <TextInput
    allowFontScaling={true}
    name="email"
    onChangeText={[Function]}
    placeholder="Email..."
    rejectResponderTermination={true}
    style={
      Object {
        "backgroundColor": "#fff",
        "borderColor": "#CCCCCC",
        "borderWidth": 1,
        "fontSize": 25,
        "height": 50,
        "marginBottom": 20,
        "marginHorizontal": 40,
        "paddingLeft": 20,
        "paddingRight": 20,
      }
    }
    underlineColorAndroid="transparent"
    value=""
  />
  <Text
    style={
      Object {
        "backgroundColor": "#385A94",
        "color": "#fff",
        "fontSize": 25,
        "fontWeight": "bold",
        "marginLeft": 40,
        "marginVertical": 5,
        "paddingLeft": 5,
        "textAlign": "left",
        "width": 130,
      }
    }
  >
    Password
  </Text>
  <TextInput
    allowFontScaling={true}
    name="password"
    onChangeText={[Function]}
    placeholder="Password..."
    rejectResponderTermination={true}
    secureTextEntry={true}
    style={
      Object {
        "backgroundColor": "#fff",
        "borderColor": "#CCCCCC",
        "borderWidth": 1,
        "fontSize": 25,
        "height": 50,
        "marginBottom": 20,
        "marginHorizontal": 40,
        "paddingLeft": 20,
        "paddingRight": 20,
      }
    }
    underlineColorAndroid="transparent"
    value=""
  />
  <View
    accessible={true}
    focusable={true}
    isTVSelectable={true}
    onClick={[Function]}
    onResponderGrant={[Function]}
    onResponderMove={[Function]}
    onResponderRelease={[Function]}
    onResponderTerminate={[Function]}
    onResponderTerminationRequest={[Function]}
    onStartShouldSetResponder={[Function]}
    style={
      Object {
        "backgroundColor": "#0C94E1",
        "borderColor": "#0C94E1",
        "borderRadius": 10,
        "borderWidth": 1,
        "margin": 40,
        "opacity": 1,
        "paddingBottom": 20,
        "paddingTop": 20,
      }
    }
  >
    <Text
      style={
        Object {
          "color": "#fff",
          "fontSize": 25,
          "fontWeight": "bold",
          "textAlign": "center",
        }
      }
    >
      Login
    </Text>
  </View>
  <Text
    style={
      Object {
        "alignSelf": "center",
        "backgroundColor": "#385A94",
        "color": "#fff",
        "fontSize": 25,
        "fontWeight": "bold",
        "height": "auto",
        "marginLeft": 30,
        "marginRight": 30,
        "textAlign": "center",
      }
    }
  >
    
  </Text>
</View>
`;
