// Jest Snapshot v1, https://goo.gl/fbAQLP

exports[`should render component 1`] = `
<Text
  style={
    Object {
      "alignSelf": "center",
      "fontSize": 20,
      "fontWeight": "bold",
      "margin": 10,
    }
  }
>
  Loading...
</Text>
`;
